Ôû▓ Next.js 16.1.6 (Turbopack)
- Environments: .env.local

  Creating an optimized production build ...
Ô£ô Compiled successfully in 35.2s
  Running TypeScript ...
  Collecting page data using 7 workers ...
[CMS] Cargadas 2 landings SEO
  Generating static pages using 7 workers (0/29) ...
  Generating static pages using 7 workers (7/29) 
  Generating static pages using 7 workers (14/29) 
  Generating static pages using 7 workers (21/29) 
Ô£ô Generating static pages using 7 workers (29/29) in 5.6s
  Finalizing page optimization ...

Route (app)                                                                            Revalidate  Expire
Ôöî Ôùï /                                                                                          1m      1y
Ôö£ Ôùï /_not-found
Ôö£ ÔùÅ /[landing]                                                                                 1h      1y
Ôöé Ôö£ /cdmx-muebles                                                                              1h      1y
Ôöé Ôöö /tienda-cdmx                                                                               1h      1y
Ôö£ Ôùï /blog                                                                                      5m      1y
Ôö£ ÔùÅ /blog/[slug]                                                                               5m      1y
Ôöé Ôö£ /blog/copia-de-los-errores-mas-comunes-al-comprar-mesas-y-sillas-para-restaurante          5m      1y
Ôöé Ôö£ /blog/tendencias-en-mobiliario-para-restaurantes-en-mexico                                 5m      1y
Ôöé Ôö£ /blog/como-equipar-un-restaurante-desde-cero-mesas-sillas-y-periqueras                     5m      1y
Ôöé Ôöö /blog/los-errores-mas-comunes-al-comprar-mesas-y-sillas-para-restaurante                   5m      1y
Ôö£ Ôùï /carrito
Ôö£ Ôùï /contacto
Ôö£ Ôùï /cuenta
Ôö£ Ôùï /gracias
Ôö£ Ôùï /nosotros
Ôö£ ãÆ /producto/[slug]
Ôö£ Ôùï /productos                                                                                 1m      1y
Ôö£ ÔùÅ /productos/[categoria]                                                                     1m      1y
Ôöé Ôö£ /productos/sillas                                                                          1m      1y
Ôöé Ôö£ /productos/mesas                                                                           1m      1y
Ôöé Ôö£ /productos/conjuntos                                                                       1m      1y
Ôöé Ôöö /productos/salas-lounge                                                                    1m      1y
Ôö£ Ôùï /proyectos                                                                                 1m      1y
Ôö£ Ôùï /robots.txt
Ôö£ Ôùï /sitemap.xml
Ôö£ Ôùï /tienda                                                                                    1m      1y
Ôöö ÔùÅ /tienda/[categoria]                                                                        1m      1y
  Ôö£ /tienda/sillas                                                                             1m      1y
  Ôö£ /tienda/mesas                                                                              1m      1y
  Ôö£ /tienda/conjuntos                                                                          1m      1y
  Ôöö /tienda/salas-lounge                                                                       1m      1y


Ôùï  (Static)   prerendered as static content
ÔùÅ  (SSG)      prerendered as static HTML (uses generateStaticParams)
ãÆ  (Dynamic)  server-rendered on demand

